Error executing process > 'ampaTask (3)'

Caused by:
  Process `ampaTask (3)` terminated with an error exit status (125)

Command executed:

  AMPA.pl -in=sample.3.fa -noplot -rf=result -df=data

Command exit status:
  125

Command output:
  (empty)

Command error:
  docker: Cannot connect to the Docker daemon at unix:///var/run/docker.sock. Is the docker daemon running?.
  See 'docker run --help'.

Work dir:
  /Users/naineshmp/work/nextflow/tests/checks/scratch/f2/4537cb1f225e7a7a26c038b4db8b59

Tip: you can replicate the issue by changing to the process work dir and entering the command `bash .command.run`


WARN: Killing running tasks (1)
